<html><body><ul><li>Hamlet: $650.00 (55 seats)</li><li>As You Like It: $580.00 (35 seats)</li><li>Othello: $500.00 (40 seats)</li></ul><p>Amount owed is $1,730.00</p><p>You earned 47 credits</p></body></html>